
DELL@ABHIJEET MINGW64 /g/Credit Suisse/Learn_microservices/My-app
$ touch index.html

DELL@ABHIJEET MINGW64 /g/Credit Suisse/Learn_microservices/My-app
$ touch app.js

DELL@ABHIJEET MINGW64 /g/Credit Suisse/Learn_microservices/My-app
$ git init
Initialized empty Git repository in G:/Credit Suisse/Learn_microservices/My-app/.git/

DELL@ABHIJEET MINGW64 /g/Credit Suisse/Learn_microservices/My-app (master)
$ git config --global user.name 'Abhijeet Khedekar'

DELL@ABHIJEET MINGW64 /g/Credit Suisse/Learn_microservices/My-app (master)
$ git config --global user.email 'abhijeetkhedekar996@gmail.com'

DELL@ABHIJEET MINGW64 /g/Credit Suisse/Learn_microservices/My-app (master)
$ git add index.html

DELL@ABHIJEET MINGW64 /g/Credit Suisse/Learn_microservices/My-app (master)
$ git status
On branch master

No commits yet

Changes to be committed:
  (use "git rm --cached <file>..." to unstage)
        new file:   index.html

Untracked files:
  (use "git add <file>..." to include in what will be committed)
        app.js


DELL@ABHIJEET MINGW64 /g/Credit Suisse/Learn_microservices/My-app (master)
$ git add *.js

DELL@ABHIJEET MINGW64 /g/Credit Suisse/Learn_microservices/My-app (master)
$ git status
On branch master

No commits yet

Changes to be committed:
  (use "git rm --cached <file>..." to unstage)
        new file:   app.js
        new file:   index.html


DELL@ABHIJEET MINGW64 /g/Credit Suisse/Learn_microservices/My-app (master)
$ git rm --cached index.html
rm 'index.html'

DELL@ABHIJEET MINGW64 /g/Credit Suisse/Learn_microservices/My-app (master)
$ git rm *.js
error: the following file has changes staged in the index:
    app.js
(use --cached to keep the file, or -f to force removal)

DELL@ABHIJEET MINGW64 /g/Credit Suisse/Learn_microservices/My-app (master)
$ git rm --cached app.js
rm 'app.js'

DELL@ABHIJEET MINGW64 /g/Credit Suisse/Learn_microservices/My-app (master)
$ git status
On branch master

No commits yet

Untracked files:
  (use "git add <file>..." to include in what will be committed)
        app.js
        index.html

nothing added to commit but untracked files present (use "git add" to track)

DELL@ABHIJEET MINGW64 /g/Credit Suisse/Learn_microservices/My-app (master)
$ git add .

DELL@ABHIJEET MINGW64 /g/Credit Suisse/Learn_microservices/My-app (master)
$ git status
On branch master

No commits yet

Changes to be committed:
  (use "git rm --cached <file>..." to unstage)
        new file:   app.js
        new file:   index.html


DELL@ABHIJEET MINGW64 /g/Credit Suisse/Learn_microservices/My-app (master)
$ git status
On branch master

No commits yet

Changes to be committed:
  (use "git rm --cached <file>..." to unstage)
        new file:   app.js
        new file:   index.html

Changes not staged for commit:
  (use "git add <file>..." to update what will be committed)
  (use "git restore <file>..." to discard changes in working directory)
        modified:   index.html


DELL@ABHIJEET MINGW64 /g/Credit Suisse/Learn_microservices/My-app (master)
$ git add .

DELL@ABHIJEET MINGW64 /g/Credit Suisse/Learn_microservices/My-app (master)
$ git status
On branch master

No commits yet

Changes to be committed:
  (use "git rm --cached <file>..." to unstage)
        new file:   app.js
        new file:   index.html


DELL@ABHIJEET MINGW64 /g/Credit Suisse/Learn_microservices/My-app (master)
$ git commit
hint: Waiting for your editor to close the file...
:WQ
[master (root-commit) 812eb4c]  Initial commit
 2 files changed, 8 insertions(+)
 create mode 100644 app.js
 create mode 100644 index.html

DELL@ABHIJEET MINGW64 /g/Credit Suisse/Learn_microservices/My-app (master)
$ :WQ
bash: :WQ: command not found

DELL@ABHIJEET MINGW64 /g/Credit Suisse/Learn_microservices/My-app (master)
$ git status
On branch master
nothing to commit, working tree clean

DELL@ABHIJEET MINGW64 /g/Credit Suisse/Learn_microservices/My-app (master)
$ git status
On branch master
Changes not staged for commit:
  (use "git add <file>..." to update what will be committed)
  (use "git restore <file>..." to discard changes in working directory)
        modified:   app.js

no changes added to commit (use "git add" and/or "git commit -a")

DELL@ABHIJEET MINGW64 /g/Credit Suisse/Learn_microservices/My-app (master)
$ git add .

DELL@ABHIJEET MINGW64 /g/Credit Suisse/Learn_microservices/My-app (master)
$ git status
On branch master
Changes to be committed:
  (use "git restore --staged <file>..." to unstage)
        modified:   app.js


DELL@ABHIJEET MINGW64 /g/Credit Suisse/Learn_microservices/My-app (master)
$ git commit
hint: Waiting for your editor to close the file...
[master 4de2809]        modified:   app.js
 1 file changed, 1 insertion(+)

DELL@ABHIJEET MINGW64 /g/Credit Suisse/Learn_microservices/My-app (master)
$ git commit -m 'Changed app.js'
On branch master
Changes not staged for commit:
  (use "git add <file>..." to update what will be committed)
  (use "git restore <file>..." to discard changes in working directory)
        modified:   app.js

no changes added to commit (use "git add" and/or "git commit -a")

DELL@ABHIJEET MINGW64 /g/Credit Suisse/Learn_microservices/My-app (master)
$ git add .

DELL@ABHIJEET MINGW64 /g/Credit Suisse/Learn_microservices/My-app (master)
$ git status
On branch master
Changes to be committed:
  (use "git restore --staged <file>..." to unstage)
        modified:   app.js


DELL@ABHIJEET MINGW64 /g/Credit Suisse/Learn_microservices/My-app (master)
$ git commit -m 'Changed app.js'
[master 9683536] Changed app.js
 1 file changed, 1 insertion(+), 1 deletion(-)

DELL@ABHIJEET MINGW64 /g/Credit Suisse/Learn_microservices/My-app (master)
$ git commit -m 'Changed app.js'
